MPLINK 5.09, LINKER
Linker Map File - Created Wed Sep 22 17:24:05 2021

                                 Section Info
                  Section       Type    Address   Location Size(Bytes)
                ---------  ---------  ---------  ---------  ---------
                   .cinit    romdata   0x000000    program   0x000002
                    .code       code   0x000002    program   0x00002a
.config_300000_BUILD/DEFAULT/DEBUG/ATIVIDADE1.O    romdata   0x300000    program   0x000001
.config_300001_BUILD/DEFAULT/DEBUG/ATIVIDADE1.O    romdata   0x300001    program   0x000001
.config_300002_BUILD/DEFAULT/DEBUG/ATIVIDADE1.O    romdata   0x300002    program   0x000001
.config_300003_BUILD/DEFAULT/DEBUG/ATIVIDADE1.O    romdata   0x300003    program   0x000001
.config_300005_BUILD/DEFAULT/DEBUG/ATIVIDADE1.O    romdata   0x300005    program   0x000001
.config_300006_BUILD/DEFAULT/DEBUG/ATIVIDADE1.O    romdata   0x300006    program   0x000001
.config_300008_BUILD/DEFAULT/DEBUG/ATIVIDADE1.O    romdata   0x300008    program   0x000001
.config_300009_BUILD/DEFAULT/DEBUG/ATIVIDADE1.O    romdata   0x300009    program   0x000001
.config_30000A_BUILD/DEFAULT/DEBUG/ATIVIDADE1.O    romdata   0x30000a    program   0x000001
.config_30000B_BUILD/DEFAULT/DEBUG/ATIVIDADE1.O    romdata   0x30000b    program   0x000001
.config_30000C_BUILD/DEFAULT/DEBUG/ATIVIDADE1.O    romdata   0x30000c    program   0x000001
.config_30000D_BUILD/DEFAULT/DEBUG/ATIVIDADE1.O    romdata   0x30000d    program   0x000001
                   .udata      udata   0x000060       data   0x000002



                              Program Memory Usage 
                               Start         End      
                           ---------   ---------      
                            0x000000    0x00002b      
                            0x300000    0x300003      
                            0x300005    0x300006      
                            0x300008    0x30000d      
            56 out of 33048 program addresses used, program memory utilization is 0%



                              Symbols - Sorted by Name
                     Name    Address   Location    Storage File                     
                ---------  ---------  ---------  --------- ---------                
                    Delay   0x00001c    program     static C:\Users\beatr\OneDrive\Área de Trabalho\computação\2021.3\microcontroladores\Atividade1.X\Atividade1.X\atividade1.asm
                 MainLoop   0x000010    program     static C:\Users\beatr\OneDrive\Área de Trabalho\computação\2021.3\microcontroladores\Atividade1.X\Atividade1.X\atividade1.asm
                    Start   0x000002    program     static C:\Users\beatr\OneDrive\Área de Trabalho\computação\2021.3\microcontroladores\Atividade1.X\Atividade1.X\atividade1.asm
                   Delay1   0x000060       data     static C:\Users\beatr\OneDrive\Área de Trabalho\computação\2021.3\microcontroladores\Atividade1.X\Atividade1.X\atividade1.asm
                   Delay2   0x000061       data     static C:\Users\beatr\OneDrive\Área de Trabalho\computação\2021.3\microcontroladores\Atividade1.X\Atividade1.X\atividade1.asm



                              Symbols - Sorted by Address
                     Name    Address   Location    Storage File                     
                ---------  ---------  ---------  --------- ---------                
                    Start   0x000002    program     static C:\Users\beatr\OneDrive\Área de Trabalho\computação\2021.3\microcontroladores\Atividade1.X\Atividade1.X\atividade1.asm
                 MainLoop   0x000010    program     static C:\Users\beatr\OneDrive\Área de Trabalho\computação\2021.3\microcontroladores\Atividade1.X\Atividade1.X\atividade1.asm
                    Delay   0x00001c    program     static C:\Users\beatr\OneDrive\Área de Trabalho\computação\2021.3\microcontroladores\Atividade1.X\Atividade1.X\atividade1.asm
                   Delay1   0x000060       data     static C:\Users\beatr\OneDrive\Área de Trabalho\computação\2021.3\microcontroladores\Atividade1.X\Atividade1.X\atividade1.asm
                   Delay2   0x000061       data     static C:\Users\beatr\OneDrive\Área de Trabalho\computação\2021.3\microcontroladores\Atividade1.X\Atividade1.X\atividade1.asm


