Microchip MPLAB XC8 Compiler V2.20

Linker command line:

-W-3 --edf=D:\Arquivos de Programas\Microchip\xc8\pic\dat\en_msgs.txt -cn \
  -h+dist/default/production\LCD.X.production.sym \
  --cmf=dist/default/production\LCD.X.production.cmf -z -Q18F4550 \
  -oC:\Users\TALLES~1\AppData\Local\Temp\sbbs.2 --defsym=__MPLAB_BUILD=1 \
  -Mdist/default/production/LCD.X.production.map -E1 -ver=XC8 Compiler \
  --acfsm=1493 -ASTACK=060h-07FFh -pstack=STACK -ACODE=00h-07FFFh \
  -ACONST=00h-07FFFh -ASMALLCONST=0800h-08FFhx120 \
  -AMEDIUMCONST=0800h-07FFFh -ACOMRAM=01h-05Fh -AABS1=00h-07FFh \
  -ABIGRAM=01h-07FFh -ARAM=060h-0FFh,0100h-01FFhx7 -ABANK0=060h-0FFh \
  -ABANK1=0100h-01FFh -ABANK2=0200h-02FFh -ABANK3=0300h-03FFh \
  -ABANK4=0400h-04FFh -ABANK5=0500h-05FFh -ABANK6=0600h-06FFh \
  -ABANK7=0700h-07FFh -ASFR=0F60h-0FFFh -ACONFIG=0300000h-030000Dh \
  -AIDLOC=0200000h-0200007h \
  -preset_vec=00h,intcode=08h,intcodelo=018h,powerup,init -pramtop=0800h \
  -psmallconst=SMALLCONST -pmediumconst=MEDIUMCONST -pconst=CONST \
  -AFARRAM=00h-00h -AEEDATA=0F00000h-0F000FFh -peeprom_data=EEDATA \
  -prdata=COMRAM,nvrram=COMRAM,nvbit=COMRAM,rbss=COMRAM,rbit=COMRAM \
  -pfarbss=FARRAM,fardata=FARRAM,nvFARRAM=FARRAM \
  -pintsave_regs=BIGRAM,bigbss=BIGRAM,bigdata=BIGRAM -pbss=RAM \
  -pidata=CODE,irdata=CODE,ibigdata=CODE,ifardata=CODE -prparam=COMRAM \
  C:\Users\TALLES~1\AppData\Local\Temp\sbbs.o \
  dist/default/production\LCD.X.production.o 

Object code version is 3.11

Machine type is 18F4550



                Name                               Link     Load   Length Selector   Space Scale
C:\Users\TALLES~1\AppData\Local\Temp\sbbs.o
                idloc                            200000   200000        8        0       5
                config                           300000   300000        E        0       4
                init                                 2A       2A        4        C       0
                reset_vec                             0        0        4        0       0
dist/default/production\LCD.X.production.o
                intcodelo                            18       18       12        C       0
                intcode                               8        8        6        4       0
                idloc                            200000   200000        8        0       5
                config                           300000   300000        E        0       4
                temp                                 2A       2A        1        1       1
                smallconst                          800      800       1A      400       0
                intcode_body                        D70      D70       38      40D       0
                text12                              E0C      E0C       26      40D       0
                text11                              B04      B04       98      40D       0
                text10                              E32      E32       24      40D       0
                text9                               B9C      B9C       74      40D       0
                text8                               C78      C78       64      40D       0
                text7                               A42      A42       C2      40D       0
                text6                               D2C      D2C       44      40D       0
                text5                               E6C      E6C        8      40D       0
                text4                               DDA      DDA       32      40D       0
                text3                               C10      C10       68      40D       0
                text2                               DA8      DA8       32      40D       0
                text1                               CDC      CDC       50      40D       0
                text0                               81A      81A      228      40D       0
                cstackCOMRAM                          1        1       25        1       1
                bssCOMRAM                            26       26        4        1       1
                cinit                               E56      E56       16      40D       0

TOTAL           Name                               Link     Load   Length     Space
        CLASS   STACK          

        CLASS   CODE           
                intcodelo                            18       18       12         0
                intcode                               8        8        6         0
                init                                 2A       2A        4         0
                reset_vec                             0        0        4         0
                intcode_body                        D70      D70       38         0
                text12                              E0C      E0C       26         0
                text11                              B04      B04       98         0
                text10                              E32      E32       24         0
                text9                               B9C      B9C       74         0
                text8                               C78      C78       64         0
                text7                               A42      A42       C2         0
                text6                               D2C      D2C       44         0
                text5                               E6C      E6C        8         0
                text4                               DDA      DDA       32         0
                text3                               C10      C10       68         0
                text2                               DA8      DA8       32         0
                text1                               CDC      CDC       50         0
                text0                               81A      81A      228         0
                cinit                               E56      E56       16         0

        CLASS   CONST          

        CLASS   SMALLCONST     
                smallconst                          800      800       1A         0

        CLASS   MEDIUMCONST    

        CLASS   COMRAM         
                temp                                 2A       2A        1         1
                cstackCOMRAM                          1        1       25         1
                bssCOMRAM                            26       26        4         1

        CLASS   ABS1           

        CLASS   BIGRAM         

        CLASS   RAM            

        CLASS   BANK0          

        CLASS   BANK1          

        CLASS   BANK2          

        CLASS   BANK3          

        CLASS   BANK4          

        CLASS   BANK5          

        CLASS   BANK6          

        CLASS   BANK7          

        CLASS   SFR            

        CLASS   CONFIG         
                config                           300000   300000        E         4

        CLASS   IDLOC          
                idloc                            200000   200000        8         5

        CLASS   FARRAM         

        CLASS   EEDATA         



SEGMENTS        Name                           Load    Length   Top    Selector   Space  Class

                reset_vec                      000000  000004  000004         0       0  CODE    
                cstackCOMRAM                   000001  00002A  00002B         1       1  COMRAM  
                intcode                        000008  000006  00000E         4       0  CODE    
                intcodelo                      000018  000016  00002E         C       0  CODE    
                smallconst                     000800  00001A  00081A       400       0  SMALLCON
                text0                          00081A  00065A  000E74       40D       0  CODE    


UNUSED ADDRESS RANGES

        Name                Unused          Largest block    Delta
        BANK0            000060-0000FF               A0
        BANK1            000100-0001FF              100
        BANK2            000200-0002FF              100
        BANK3            000300-0003FF              100
        BANK4            000400-0004FF              100
        BANK5            000500-0005FF              100
        BANK6            000600-0006FF              100
        BANK7            000700-0007FF              100
        BIGRAM           00002B-0007FF              7D5
        CODE             000004-000007                4
                         00000E-000017                A
                         00002E-0007FF              7D2
                         000E74-007FFF             718C
        COMRAM           00002B-00005F               35
        CONST            000004-000007                4
                         00000E-000017                A
                         00002E-0007FF              7D2
                         000E74-007FFF             718C
        EEDATA           F00000-F000FF              100
        MEDIUMCONST      000E74-007FFF             718C
        RAM              000060-0007FF              100
        SFR              000F60-000FFF               A0
        SMALLCONST       000E74-007FFF              100
        STACK            000060-0007FF              7A0

                                  Symbol Table

?___lwdiv                       cstackCOMRAM 000002
?___lwmod                       cstackCOMRAM 000002
?___wmul                        cstackCOMRAM 000009
?_adc_amostra                   cstackCOMRAM 000002
_ADCON0                         (abs)        000FC2
_ADCON0bits                     (abs)        000FC2
_ADCON1bits                     (abs)        000FC1
_ADCON2bits                     (abs)        000FC0
_ADRESH                         (abs)        000FC4
_ADRESL                         (abs)        000FC3
_INTCON2bits                    (abs)        000FF1
_INTCONbits                     (abs)        000FF2
_OSCCONbits                     (abs)        000FD3
_PORTA                          (abs)        000F80
_PORTB                          (abs)        000F81
_PORTBbits                      (abs)        000F81
_PORTC                          (abs)        000F82
_PORTCbits                      (abs)        000F82
_PORTD                          (abs)        000F83
_PORTE                          (abs)        000F84
_PORTEbits                      (abs)        000F84
_RCONbits                       (abs)        000FD0
_T0CONbits                      (abs)        000FD5
_TMR0                           (abs)        000FD6
_TRISA                          (abs)        000F92
_TRISB                          (abs)        000F93
_TRISC                          (abs)        000F94
_TRISD                          (abs)        000F95
_TRISE                          (abs)        000F96
__HRAM                          (abs)        000000
__Habs1                         abs1         000000
__Hbank0                        bank0        000000
__Hbank1                        bank1        000000
__Hbank2                        bank2        000000
__Hbank3                        bank3        000000
__Hbank4                        bank4        000000
__Hbank5                        bank5        000000
__Hbank6                        bank6        000000
__Hbank7                        bank7        000000
__Hbigbss                       bigbss       000000
__Hbigdata                      bigdata      000000
__Hbigram                       bigram       000000
__Hbss                          bss          000000
__HbssCOMRAM                    bssCOMRAM    000000
__Hcinit                        cinit        000000
__Hclrtext                      clrtext      000000
__Hcomram                       comram       000000
__Hconfig                       config       30000E
__Hconst                        const        000000
__HcstackCOMRAM                 cstackCOMRAM 000000
__Hdata                         data         000000
__Heeprom_data                  eeprom_data  000000
__Hfarbss                       farbss       000000
__Hfardata                      fardata      000000
__Hibigdata                     ibigdata     000000
__Hidata                        idata        000000
__Hidloc                        idloc        200008
__Hifardata                     ifardata     000000
__Hinit                         init         00002E
__Hintcode                      intcode      00000E
__Hintcode_body                 intcode_body 000000
__Hintcodelo                    intcodelo    00002A
__Hintentry                     intentry     000000
__Hintret                       intret       000000
__Hintsave_regs                 intsave_regs 000000
__Hirdata                       irdata       000000
__Hmediumconst                  mediumconst  000000
__HnvFARRAM                     nvFARRAM     000000
__Hnvbit                        nvbit        000000
__Hnvrram                       nvrram       000000
__Hparam                        rparam       000000
__Hpowerup                      powerup      00002A
__Hram                          ram          000000
__Hramtop                       ramtop       000800
__Hrbit                         rbit         000000
__Hrbss                         rbss         000000
__Hrdata                        rdata        000000
__Hreset_vec                    reset_vec    000004
__Hrparam                       rparam       000000
__Hsfr                          sfr          000000
__Hsmallconst                   smallconst   00081A
__Hspace_0                      (abs)        000E74
__Hspace_1                      (abs)        00002B
__Hspace_2                      (abs)        000000
__Hspace_4                      (abs)        60000E
__Hstack                        stack        000000
__Hstruct                       struct       000000
__Htemp                         temp         00002B
__Htext                         text         000000
__Htext0                        text0        000000
__Htext1                        text1        000000
__Htext10                       text10       000000
__Htext11                       text11       000000
__Htext12                       text12       000000
__Htext2                        text2        000000
__Htext3                        text3        000000
__Htext4                        text4        000000
__Htext5                        text5        000000
__Htext6                        text6        000000
__Htext7                        text7        000000
__Htext8                        text8        000000
__Htext9                        text9        000000
__LRAM                          (abs)        000001
__Labs1                         abs1         000000
__Lbank0                        bank0        000000
__Lbank1                        bank1        000000
__Lbank2                        bank2        000000
__Lbank3                        bank3        000000
__Lbank4                        bank4        000000
__Lbank5                        bank5        000000
__Lbank6                        bank6        000000
__Lbank7                        bank7        000000
__Lbigbss                       bigbss       000000
__Lbigdata                      bigdata      000000
__Lbigram                       bigram       000000
__Lbss                          bss          000000
__LbssCOMRAM                    bssCOMRAM    000000
__Lcinit                        cinit        000000
__Lclrtext                      clrtext      000000
__Lcomram                       comram       000000
__Lconfig                       config       000000
__Lconst                        const        000000
__LcstackCOMRAM                 cstackCOMRAM 000000
__Ldata                         data         000000
__Leeprom_data                  eeprom_data  000000
__Lfarbss                       farbss       000000
__Lfardata                      fardata      000000
__Libigdata                     ibigdata     000000
__Lidata                        idata        000000
__Lidloc                        idloc        000000
__Lifardata                     ifardata     000000
__Linit                         init         00002A
__Lintcode                      intcode      000008
__Lintcode_body                 intcode_body 000000
__Lintcodelo                    intcodelo    000018
__Lintentry                     intentry     000000
__Lintret                       intret       000000
__Lintsave_regs                 intsave_regs 000000
__Lirdata                       irdata       000000
__Lmediumconst                  mediumconst  000000
__LnvFARRAM                     nvFARRAM     000000
__Lnvbit                        nvbit        000000
__Lnvrram                       nvrram       000000
__Lparam                        rparam       000000
__Lpowerup                      powerup      00002A
__Lram                          ram          000000
__Lramtop                       ramtop       000800
__Lrbit                         rbit         000000
__Lrbss                         rbss         000000
__Lrdata                        rdata        000000
__Lreset_vec                    reset_vec    000000
__Lrparam                       rparam       000000
__Lsfr                          sfr          000000
__Lsmallconst                   smallconst   000800
__Lspace_0                      (abs)        000000
__Lspace_1                      (abs)        000000
__Lspace_2                      (abs)        000000
__Lspace_4                      (abs)        000000
__Lstack                        stack        000000
__Lstruct                       struct       000000
__Ltemp                         temp         00002A
__Ltext                         text         000000
__Ltext0                        text0        000000
__Ltext1                        text1        000000
__Ltext10                       text10       000000
__Ltext11                       text11       000000
__Ltext12                       text12       000000
__Ltext2                        text2        000000
__Ltext3                        text3        000000
__Ltext4                        text4        000000
__Ltext5                        text5        000000
__Ltext6                        text6        000000
__Ltext7                        text7        000000
__Ltext8                        text8        000000
__Ltext9                        text9        000000
__S0                            (abs)        000E74
__S1                            (abs)        00002B
__S2                            (abs)        000000
__S4                            (abs)        000000
__S5                            (abs)        000000
___inthi_sp                     stack        000000
___intlo_sp                     stack        000000
___lwdiv                        text9        000B9C
___lwdiv@counter                cstackCOMRAM 000008
___lwdiv@dividend               cstackCOMRAM 000002
___lwdiv@divisor                cstackCOMRAM 000004
___lwdiv@quotient               cstackCOMRAM 000006
___lwmod                        text8        000C78
___lwmod@counter                cstackCOMRAM 000006
___lwmod@dividend               cstackCOMRAM 000002
___lwmod@divisor                cstackCOMRAM 000004
___param_bank                   (abs)        000000
___rparam_used                  (abs)        000001
___sp                           stack        000000
___wmul                         text12       000E0C
___wmul@multiplicand            cstackCOMRAM 00000B
___wmul@multiplier              cstackCOMRAM 000009
___wmul@product                 cstackCOMRAM 00000D
__accesstop                     (abs)        000060
__activetblptr                  (abs)        000002
__end_of___lwdiv                text9        000C10
__end_of___lwmod                text8        000CDC
__end_of___wmul                 text12       000E32
__end_of__initialization        cinit        000E5E
__end_of_adc_amostra            text11       000B9C
__end_of_adc_init               text10       000E56
__end_of_itoa                   text6        000D70
__end_of_lcd_cmd                text4        000E0C
__end_of_lcd_dat                text2        000DDA
__end_of_lcd_init               text3        000C78
__end_of_lcd_str                text1        000D2C
__end_of_lcd_wr                 text5        000E74
__end_of_main                   text0        000A42
__end_of_rotinaAltaPrioridade   intcode_body 000DA8
__end_of_rotinaBaixaPrioridade  intcodelo    00002A
__end_of_utoa                   text7        000B04
__initialization                cinit        000E56
__mediumconst                   mediumconst  000000
__pbssCOMRAM                    bssCOMRAM    000026
__pcinit                        cinit        000E56
__pcstackCOMRAM                 cstackCOMRAM 000001
__pintcode                      intcode      000008
__pintcode_body                 intcode_body 000D70
__pintcodelo                    intcodelo    000018
__psmallconst                   smallconst   000800
__ptext0                        text0        00081A
__ptext1                        text1        000CDC
__ptext10                       text10       000E32
__ptext11                       text11       000B04
__ptext12                       text12       000E0C
__ptext2                        text2        000DA8
__ptext3                        text3        000C10
__ptext4                        text4        000DDA
__ptext5                        text5        000E6C
__ptext6                        text6        000D2C
__ptext7                        text7        000A42
__ptext8                        text8        000C78
__ptext9                        text9        000B9C
__ramtop                        ramtop       000800
__size_of___lwdiv               (abs)        000000
__size_of___lwmod               (abs)        000000
__size_of___wmul                (abs)        000000
__size_of_adc_amostra           (abs)        000000
__size_of_adc_init              (abs)        000000
__size_of_itoa                  (abs)        000000
__size_of_lcd_cmd               (abs)        000000
__size_of_lcd_dat               (abs)        000000
__size_of_lcd_init              (abs)        000000
__size_of_lcd_str               (abs)        000000
__size_of_lcd_wr                (abs)        000000
__size_of_main                  (abs)        000000
__size_of_rotinaAltaPrioridade  (abs)        000000
__size_of_rotinaBaixaPrioridade (abs)        000000
__size_of_utoa                  (abs)        000000
__smallconst                    smallconst   000800
_adc_amostra                    text11       000B04
_adc_init                       text10       000E32
_contaDebounce                  bssCOMRAM    000029
_flag1Botao1                    bssCOMRAM    000028
_itoa                           text6        000D2C
_lcd_cmd                        text4        000DDA
_lcd_dat                        text2        000DA8
_lcd_init                       text3        000C10
_lcd_str                        text1        000CDC
_lcd_wr                         text5        000E6C
_main                           text0        00081A
_rotinaAltaPrioridade           intcode      000008
_rotinaBaixaPrioridade          intcodelo    000018
_tempoLED                       bssCOMRAM    000026
_utoa                           text7        000A42
adc_amostra@canal               cstackCOMRAM 000008
btemp                           temp         00002A
end_of_initialization           cinit        000E5E
int$flags                       temp         00002A
int_func                        intcode_body 000D70
intlevel0                       text         000000
intlevel1                       text         000000
intlevel2                       text         000000
intlevel3                       text         000000
itoa@base                       cstackCOMRAM 000016
itoa@buf                        cstackCOMRAM 000012
itoa@val                        cstackCOMRAM 000014
lcd_cmd@val                     cstackCOMRAM 000004
lcd_dat@val                     cstackCOMRAM 000004
lcd_str@i                       cstackCOMRAM 000009
lcd_str@str                     cstackCOMRAM 000005
lcd_wr@val                      cstackCOMRAM 000002
main@flag2Botao1                cstackCOMRAM 000024
main@funcaoRB0                  cstackCOMRAM 000025
main@str                        cstackCOMRAM 00001C
main@tmpi                       cstackCOMRAM 000022
stackhi                         (abs)        0007FF
stacklo                         (abs)        000060
start                           init         00002A
start_initialization            cinit        000E56
ttemp5                          temp         00002B
ttemp6                          temp         00002E
ttemp7                          temp         000032
utoa@base                       cstackCOMRAM 00000D
utoa@buf                        cstackCOMRAM 000009
utoa@c                          cstackCOMRAM 000011
utoa@v                          cstackCOMRAM 00000F
utoa@val                        cstackCOMRAM 00000B
wtemp8                          temp         00002B


FUNCTION INFORMATION:

 *************** function _main *****************
 Defined at:
		line 20 in file "main.c"
 Parameters:    Size  Location     Type
		None
 Auto vars:     Size  Location     Type
  str             6   27[COMRAM] unsigned char [6]
  tmpi            2   33[COMRAM] unsigned int 
  funcaoRB0       1   36[COMRAM] unsigned char 
  flag2Botao1     1   35[COMRAM] _Bool 
  flag1Botao2     1    0        _Bool 
 Return value:  Size  Location     Type
                  1    wreg      void 
 Registers used:
		wreg, fsr2l, fsr2h, status,2, status,0, tblptrl, tblptrh, tblptru, prodl, prodh, cstack
 Tracked objects:
		On entry : 
		On exit  : 
		Unchanged: 
 Data sizes:     COMRAM   BANK0   BANK1   BANK2   BANK3   BANK4   BANK5   BANK6   BANK7
      Params:         0       0       0       0       0       0       0       0       0
      Locals:        11       0       0       0       0       0       0       0       0
      Temps:          1       0       0       0       0       0       0       0       0
      Totals:        12       0       0       0       0       0       0       0       0
Total ram usage:       12 bytes
 Hardware stack levels required when called:    5
 This function calls:
		___wmul
		_adc_amostra
		_adc_init
		_itoa
		_lcd_cmd
		_lcd_dat
		_lcd_init
		_lcd_str
 This function is called by:
		Startup code after reset
 This function uses a non-reentrant model


 *************** function _lcd_str *****************
 Defined at:
		line 77 in file "lcd.c"
 Parameters:    Size  Location     Type
  str             2    4[COMRAM] PTR const unsigned char 
		 -> STR_2(8), STR_1(16), 
 Auto vars:     Size  Location     Type
  i               1    8[COMRAM] unsigned char 
 Return value:  Size  Location     Type
                  1    wreg      void 
 Registers used:
		wreg, status,2, status,0, tblptrl, tblptrh, tblptru, cstack
 Tracked objects:
		On entry : 
		On exit  : 
		Unchanged: 
 Data sizes:     COMRAM   BANK0   BANK1   BANK2   BANK3   BANK4   BANK5   BANK6   BANK7
      Params:         2       0       0       0       0       0       0       0       0
      Locals:         1       0       0       0       0       0       0       0       0
      Temps:          2       0       0       0       0       0       0       0       0
      Totals:         5       0       0       0       0       0       0       0       0
Total ram usage:        5 bytes
 Hardware stack levels used:    1
 Hardware stack levels required when called:    4
 This function calls:
		_lcd_dat
 This function is called by:
		_main
 This function uses a non-reentrant model


 *************** function _lcd_dat *****************
 Defined at:
		line 47 in file "lcd.c"
 Parameters:    Size  Location     Type
  val             1    wreg     unsigned char 
 Auto vars:     Size  Location     Type
  val             1    3[COMRAM] unsigned char 
 Return value:  Size  Location     Type
                  1    wreg      void 
 Registers used:
		wreg, status,2, cstack
 Tracked objects:
		On entry : 
		On exit  : 
		Unchanged: 
 Data sizes:     COMRAM   BANK0   BANK1   BANK2   BANK3   BANK4   BANK5   BANK6   BANK7
      Params:         0       0       0       0       0       0       0       0       0
      Locals:         1       0       0       0       0       0       0       0       0
      Temps:          1       0       0       0       0       0       0       0       0
      Totals:         2       0       0       0       0       0       0       0       0
Total ram usage:        2 bytes
 Hardware stack levels used:    1
 Hardware stack levels required when called:    3
 This function calls:
		_lcd_wr
 This function is called by:
		_lcd_str
		_main
 This function uses a non-reentrant model


 *************** function _lcd_init *****************
 Defined at:
		line 58 in file "lcd.c"
 Parameters:    Size  Location     Type
		None
 Auto vars:     Size  Location     Type
		None
 Return value:  Size  Location     Type
                  1    wreg      void 
 Registers used:
		wreg, status,2, cstack
 Tracked objects:
		On entry : 
		On exit  : 
		Unchanged: 
 Data sizes:     COMRAM   BANK0   BANK1   BANK2   BANK3   BANK4   BANK5   BANK6   BANK7
      Params:         0       0       0       0       0       0       0       0       0
      Locals:         0       0       0       0       0       0       0       0       0
      Temps:          1       0       0       0       0       0       0       0       0
      Totals:         1       0       0       0       0       0       0       0       0
Total ram usage:        1 bytes
 Hardware stack levels used:    1
 Hardware stack levels required when called:    4
 This function calls:
		_lcd_cmd
 This function is called by:
		_main
 This function uses a non-reentrant model


 *************** function _lcd_cmd *****************
 Defined at:
		line 36 in file "lcd.c"
 Parameters:    Size  Location     Type
  val             1    wreg     unsigned char 
 Auto vars:     Size  Location     Type
  val             1    3[COMRAM] unsigned char 
 Return value:  Size  Location     Type
                  1    wreg      void 
 Registers used:
		wreg, status,2, cstack
 Tracked objects:
		On entry : 
		On exit  : 
		Unchanged: 
 Data sizes:     COMRAM   BANK0   BANK1   BANK2   BANK3   BANK4   BANK5   BANK6   BANK7
      Params:         0       0       0       0       0       0       0       0       0
      Locals:         1       0       0       0       0       0       0       0       0
      Temps:          1       0       0       0       0       0       0       0       0
      Totals:         2       0       0       0       0       0       0       0       0
Total ram usage:        2 bytes
 Hardware stack levels used:    1
 Hardware stack levels required when called:    3
 This function calls:
		_lcd_wr
 This function is called by:
		_lcd_init
		_main
 This function uses a non-reentrant model


 *************** function _lcd_wr *****************
 Defined at:
		line 31 in file "lcd.c"
 Parameters:    Size  Location     Type
  val             1    wreg     unsigned char 
 Auto vars:     Size  Location     Type
  val             1    1[COMRAM] unsigned char 
 Return value:  Size  Location     Type
                  1    wreg      void 
 Registers used:
		wreg
 Tracked objects:
		On entry : 
		On exit  : 
		Unchanged: 
 Data sizes:     COMRAM   BANK0   BANK1   BANK2   BANK3   BANK4   BANK5   BANK6   BANK7
      Params:         0       0       0       0       0       0       0       0       0
      Locals:         1       0       0       0       0       0       0       0       0
      Temps:          0       0       0       0       0       0       0       0       0
      Totals:         1       0       0       0       0       0       0       0       0
Total ram usage:        1 bytes
 Hardware stack levels used:    1
 Hardware stack levels required when called:    2
 This function calls:
		Nothing
 This function is called by:
		_lcd_cmd
		_lcd_dat
 This function uses a non-reentrant model


 *************** function _itoa *****************
 Defined at:
		line 4 in file "D:\Arquivos de Programas\Microchip\xc8\pic\sources\c90\common\itoa.c"
 Parameters:    Size  Location     Type
  buf             2   17[COMRAM] PTR unsigned char 
		 -> main@str(6), 
  val             2   19[COMRAM] int 
  base            2   21[COMRAM] int 
 Auto vars:     Size  Location     Type
  cp              2    0        PTR unsigned char 
		 -> main@str(6), 
 Return value:  Size  Location     Type
                  2   17[COMRAM] PTR unsigned char 
 Registers used:
		wreg, fsr2l, fsr2h, status,2, status,0, cstack
 Tracked objects:
		On entry : 
		On exit  : 
		Unchanged: 
 Data sizes:     COMRAM   BANK0   BANK1   BANK2   BANK3   BANK4   BANK5   BANK6   BANK7
      Params:         6       0       0       0       0       0       0       0       0
      Locals:         2       0       0       0       0       0       0       0       0
      Temps:          0       0       0       0       0       0       0       0       0
      Totals:         8       0       0       0       0       0       0       0       0
Total ram usage:        8 bytes
 Hardware stack levels used:    1
 Hardware stack levels required when called:    4
 This function calls:
		_utoa
 This function is called by:
		_main
 This function uses a non-reentrant model


 *************** function _utoa *****************
 Defined at:
		line 17 in file "D:\Arquivos de Programas\Microchip\xc8\pic\sources\c90\common\itoa.c"
 Parameters:    Size  Location     Type
  buf             2    8[COMRAM] PTR unsigned char 
		 -> main@str(6), 
  val             2   10[COMRAM] unsigned int 
  base            2   12[COMRAM] int 
 Auto vars:     Size  Location     Type
  v               2   14[COMRAM] unsigned int 
  c               1   16[COMRAM] unsigned char 
 Return value:  Size  Location     Type
                  2    8[COMRAM] PTR unsigned char 
 Registers used:
		wreg, fsr2l, fsr2h, status,2, status,0, cstack
 Tracked objects:
		On entry : 
		On exit  : 
		Unchanged: 
 Data sizes:     COMRAM   BANK0   BANK1   BANK2   BANK3   BANK4   BANK5   BANK6   BANK7
      Params:         6       0       0       0       0       0       0       0       0
      Locals:         3       0       0       0       0       0       0       0       0
      Temps:          0       0       0       0       0       0       0       0       0
      Totals:         9       0       0       0       0       0       0       0       0
Total ram usage:        9 bytes
 Hardware stack levels used:    1
 Hardware stack levels required when called:    3
 This function calls:
		___lwdiv
		___lwmod
 This function is called by:
		_itoa
 This function uses a non-reentrant model


 *************** function ___lwmod *****************
 Defined at:
		line 7 in file "D:\Arquivos de Programas\Microchip\xc8\pic\sources\c90\common\lwmod.c"
 Parameters:    Size  Location     Type
  dividend        2    1[COMRAM] unsigned int 
  divisor         2    3[COMRAM] unsigned int 
 Auto vars:     Size  Location     Type
  counter         1    5[COMRAM] unsigned char 
 Return value:  Size  Location     Type
                  2    1[COMRAM] unsigned int 
 Registers used:
		wreg, status,2, status,0
 Tracked objects:
		On entry : 
		On exit  : 
		Unchanged: 
 Data sizes:     COMRAM   BANK0   BANK1   BANK2   BANK3   BANK4   BANK5   BANK6   BANK7
      Params:         4       0       0       0       0       0       0       0       0
      Locals:         1       0       0       0       0       0       0       0       0
      Temps:          0       0       0       0       0       0       0       0       0
      Totals:         5       0       0       0       0       0       0       0       0
Total ram usage:        5 bytes
 Hardware stack levels used:    1
 Hardware stack levels required when called:    2
 This function calls:
		Nothing
 This function is called by:
		_utoa
 This function uses a non-reentrant model


 *************** function ___lwdiv *****************
 Defined at:
		line 7 in file "D:\Arquivos de Programas\Microchip\xc8\pic\sources\c90\common\lwdiv.c"
 Parameters:    Size  Location     Type
  dividend        2    1[COMRAM] unsigned int 
  divisor         2    3[COMRAM] unsigned int 
 Auto vars:     Size  Location     Type
  quotient        2    5[COMRAM] unsigned int 
  counter         1    7[COMRAM] unsigned char 
 Return value:  Size  Location     Type
                  2    1[COMRAM] unsigned int 
 Registers used:
		wreg, status,2, status,0
 Tracked objects:
		On entry : 
		On exit  : 
		Unchanged: 
 Data sizes:     COMRAM   BANK0   BANK1   BANK2   BANK3   BANK4   BANK5   BANK6   BANK7
      Params:         4       0       0       0       0       0       0       0       0
      Locals:         3       0       0       0       0       0       0       0       0
      Temps:          0       0       0       0       0       0       0       0       0
      Totals:         7       0       0       0       0       0       0       0       0
Total ram usage:        7 bytes
 Hardware stack levels used:    1
 Hardware stack levels required when called:    2
 This function calls:
		Nothing
 This function is called by:
		_utoa
 This function uses a non-reentrant model


 *************** function _adc_init *****************
 Defined at:
		line 30 in file "adc.c"
 Parameters:    Size  Location     Type
		None
 Auto vars:     Size  Location     Type
		None
 Return value:  Size  Location     Type
                  1    wreg      void 
 Registers used:
		wreg, status,2
 Tracked objects:
		On entry : 
		On exit  : 
		Unchanged: 
 Data sizes:     COMRAM   BANK0   BANK1   BANK2   BANK3   BANK4   BANK5   BANK6   BANK7
      Params:         0       0       0       0       0       0       0       0       0
      Locals:         0       0       0       0       0       0       0       0       0
      Temps:          0       0       0       0       0       0       0       0       0
      Totals:         0       0       0       0       0       0       0       0       0
Total ram usage:        0 bytes
 Hardware stack levels used:    1
 Hardware stack levels required when called:    2
 This function calls:
		Nothing
 This function is called by:
		_main
 This function uses a non-reentrant model


 *************** function _adc_amostra *****************
 Defined at:
		line 48 in file "adc.c"
 Parameters:    Size  Location     Type
  canal           1    wreg     unsigned char 
 Auto vars:     Size  Location     Type
  canal           1    7[COMRAM] unsigned char 
 Return value:  Size  Location     Type
                  2    1[COMRAM] unsigned int 
 Registers used:
		wreg, status,2, status,0
 Tracked objects:
		On entry : 
		On exit  : 
		Unchanged: 
 Data sizes:     COMRAM   BANK0   BANK1   BANK2   BANK3   BANK4   BANK5   BANK6   BANK7
      Params:         2       0       0       0       0       0       0       0       0
      Locals:         1       0       0       0       0       0       0       0       0
      Temps:          4       0       0       0       0       0       0       0       0
      Totals:         7       0       0       0       0       0       0       0       0
Total ram usage:        7 bytes
 Hardware stack levels used:    1
 Hardware stack levels required when called:    2
 This function calls:
		Nothing
 This function is called by:
		_main
 This function uses a non-reentrant model


 *************** function ___wmul *****************
 Defined at:
		line 15 in file "D:\Arquivos de Programas\Microchip\xc8\pic\sources\c90\common\Umul16.c"
 Parameters:    Size  Location     Type
  multiplier      2    8[COMRAM] unsigned int 
  multiplicand    2   10[COMRAM] unsigned int 
 Auto vars:     Size  Location     Type
  product         2   12[COMRAM] unsigned int 
 Return value:  Size  Location     Type
                  2    8[COMRAM] unsigned int 
 Registers used:
		wreg, status,2, status,0, prodl, prodh
 Tracked objects:
		On entry : 
		On exit  : 
		Unchanged: 
 Data sizes:     COMRAM   BANK0   BANK1   BANK2   BANK3   BANK4   BANK5   BANK6   BANK7
      Params:         4       0       0       0       0       0       0       0       0
      Locals:         2       0       0       0       0       0       0       0       0
      Temps:          0       0       0       0       0       0       0       0       0
      Totals:         6       0       0       0       0       0       0       0       0
Total ram usage:        6 bytes
 Hardware stack levels used:    1
 Hardware stack levels required when called:    2
 This function calls:
		Nothing
 This function is called by:
		_main
 This function uses a non-reentrant model


 *************** function _rotinaBaixaPrioridade *****************
 Defined at:
		line 161 in file "main.c"
 Parameters:    Size  Location     Type
		None
 Auto vars:     Size  Location     Type
		None
 Return value:  Size  Location     Type
                  1    wreg      void 
 Registers used:
		None
 Tracked objects:
		On entry : 
		On exit  : 
		Unchanged: 
 Data sizes:     COMRAM   BANK0   BANK1   BANK2   BANK3   BANK4   BANK5   BANK6   BANK7
      Params:         0       0       0       0       0       0       0       0       0
      Locals:         0       0       0       0       0       0       0       0       0
      Temps:          1       0       0       0       0       0       0       0       0
      Totals:         1       0       0       0       0       0       0       0       0
Total ram usage:        1 bytes
 Hardware stack levels used:    1
 Hardware stack levels required when called:    1
 This function calls:
		Nothing
 This function is called by:
		Interrupt level 1
 This function uses a non-reentrant model


 *************** function _rotinaAltaPrioridade *****************
 Defined at:
		line 143 in file "main.c"
 Parameters:    Size  Location     Type
		None
 Auto vars:     Size  Location     Type
		None
 Return value:  Size  Location     Type
                  1    wreg      void 
 Registers used:
		wreg, status,2, status,0
 Tracked objects:
		On entry : 
		On exit  : 
		Unchanged: 
 Data sizes:     COMRAM   BANK0   BANK1   BANK2   BANK3   BANK4   BANK5   BANK6   BANK7
      Params:         0       0       0       0       0       0       0       0       0
      Locals:         0       0       0       0       0       0       0       0       0
      Temps:          0       0       0       0       0       0       0       0       0
      Totals:         0       0       0       0       0       0       0       0       0
Total ram usage:        0 bytes
 Hardware stack levels used:    1
 This function calls:
		Nothing
 This function is called by:
		Interrupt level 2
 This function uses a non-reentrant model



MODULE INFORMATION

Module		Function		Class		Link	Load	Size
D:\Arquivos de Programas\Microchip\xc8\pic\sources\c90\common\Umul16.c
		___wmul        		CODE           	0E0C	0000	39

D:\Arquivos de Programas\Microchip\xc8\pic\sources\c90\common\Umul16.c estimated size: 39

D:\Arquivos de Programas\Microchip\xc8\pic\sources\c90\common\lwmod.c
		___lwmod       		CODE           	0C78	0000	101

D:\Arquivos de Programas\Microchip\xc8\pic\sources\c90\common\lwmod.c estimated size: 101

adc.c
		_adc_amostra   		CODE           	0B04	0000	153
		_adc_init      		CODE           	0E32	0000	37

adc.c estimated size: 190

D:\Arquivos de Programas\Microchip\xc8\pic\sources\c90\common\itoa.c
		_itoa          		CODE           	0D2C	0000	69
		_utoa          		CODE           	0A42	0000	195

D:\Arquivos de Programas\Microchip\xc8\pic\sources\c90\common\itoa.c estimated size: 264

shared
		__initialization		CODE           	0E56	0000	9

shared estimated size: 9

lcd.c
		_lcd_cmd       		CODE           	0DDA	0000	51
		_lcd_dat       		CODE           	0DA8	0000	51
		_lcd_wr        		CODE           	0E6C	0000	9
		_lcd_str       		CODE           	0CDC	0000	81
		_lcd_init      		CODE           	0C10	0000	105

lcd.c estimated size: 297

D:\Arquivos de Programas\Microchip\xc8\pic\sources\c90\common\lwdiv.c
		___lwdiv       		CODE           	0B9C	0000	117

D:\Arquivos de Programas\Microchip\xc8\pic\sources\c90\common\lwdiv.c estimated size: 117

main.c
		_rotinaAltaPrioridade		CODE           	0008	0000	63
		_main          		CODE           	081A	0000	553
		_rotinaBaixaPrioridade		CODE           	0018	0000	19

main.c estimated size: 635

